com\mycompany\sda_project\patterns\StandardNotificationFactory.class
com\mycompany\sda_project\model\AlertComponent.class
com\mycompany\sda_project\patterns\EmailNotifier.class
com\mycompany\sda_project\patterns\LogHandler.class
com\mycompany\sda_project\patterns\SeverityFilterHandler.class
com\mycompany\sda_project\patterns\DeduplicationHandler.class
com\mycompany\sda_project\patterns\EnrichmentProviderFactory.class
com\mycompany\sda_project\SDA_Project.class
com\mycompany\sda_project\view\IncidentDashboardView.class
com\mycompany\sda_project\service\IncidentContext.class
com\mycompany\sda_project\patterns\AuditLogger.class
com\mycompany\sda_project\patterns\EscalateAction.class
com\mycompany\sda_project\patterns\PostIncidentReviewState.class
com\mycompany\sda_project\patterns\GeoProvider.class
com\mycompany\sda_project\patterns\FirewallNormalizer.class
com\mycompany\sda_project\patterns\SecurityEventBus.class
com\mycompany\sda_project\patterns\ResponseActionFactory.class
com\mycompany\sda_project\patterns\SecurityObserver.class
com\mycompany\sda_project\patterns\ResponseActionDecorator.class
com\mycompany\sda_project\patterns\StandardEnrichmentFactory.class
com\mycompany\sda_project\patterns\PagerDutyNotifier.class
com\mycompany\sda_project\patterns\ThreatIntelProxy.class
com\mycompany\sda_project\patterns\StandardGeoProvider.class
com\mycompany\sda_project\controller\IncidentController.class
com\mycompany\sda_project\patterns\CustomFeedAdapter.class
com\mycompany\sda_project\patterns\IncidentState.class
com\mycompany\sda_project\patterns\AggressiveContainmentStrategy.class
com\mycompany\sda_project\patterns\AssetProvider.class
com\mycompany\sda_project\patterns\DashboardUpdater.class
com\mycompany\sda_project\patterns\VirusTotalAdapter.class
com\mycompany\sda_project\patterns\MISPAdapter.class
com\mycompany\sda_project\patterns\BlockIPAction.class
com\mycompany\sda_project\patterns\DisableUserAction.class
com\mycompany\sda_project\patterns\MISPAPI.class
com\mycompany\sda_project\patterns\AuditLogDecorator.class
com\mycompany\sda_project\patterns\RecoveryState.class
com\mycompany\sda_project\model\CanonicalAlert.class
com\mycompany\sda_project\patterns\NotificationFactory.class
com\mycompany\sda_project\SDA_Architecture_TestSuite.class
com\mycompany\sda_project\patterns\AlertNormalizer.class
com\mycompany\sda_project\model\AlertCampaign.class
com\mycompany\sda_project\patterns\VirusTotalAPI.class
com\mycompany\sda_project\patterns\StandardEmailNotifier.class
com\mycompany\sda_project\patterns\ThreatIntelProvider.class
com\mycompany\sda_project\patterns\ResponseStrategy.class
com\mycompany\sda_project\patterns\TriageState.class
com\mycompany\sda_project\patterns\StandardSlackNotifier.class
com\mycompany\sda_project\patterns\BalancedStrategy.class
com\mycompany\sda_project\patterns\QuarantineFileAction.class
com\mycompany\sda_project\patterns\ResponseAction.class
com\mycompany\sda_project\patterns\AlertNormalizerFactory.class
com\mycompany\sda_project\patterns\ContainmentState.class
com\mycompany\sda_project\patterns\NewState.class
com\mycompany\sda_project\model\IncidentModel.class
com\mycompany\sda_project\patterns\ClosedState.class
com\mycompany\sda_project\patterns\EnrichmentHandler.class
com\mycompany\sda_project\patterns\ConservativeStrategy.class
com\mycompany\sda_project\patterns\EradicationState.class
com\mycompany\sda_project\patterns\CustomThreatFeedAPI.class
com\mycompany\sda_project\patterns\IncidentResponseFacade.class
com\mycompany\sda_project\patterns\IsolateEndpointAction.class
com\mycompany\sda_project\patterns\SlackNotifier.class
com\mycompany\sda_project\patterns\StandardAssetProvider.class
com\mycompany\sda_project\patterns\WatchAndWaitStrategy.class
com\mycompany\sda_project\patterns\IngestionConfigManager.class
com\mycompany\sda_project\patterns\SplunkNormalizer.class
com\mycompany\sda_project\patterns\RoutingHandler.class
