C:\Users\Admin\Software-Design-Architecture-Project\SDA_Project\src\main\java\com\mycompany\sda_project\controller\IncidentController.java
C:\Users\Admin\Software-Design-Architecture-Project\SDA_Project\src\main\java\com\mycompany\sda_project\model\AlertCampaign.java
C:\Users\Admin\Software-Design-Architecture-Project\SDA_Project\src\main\java\com\mycompany\sda_project\model\AlertComponent.java
C:\Users\Admin\Software-Design-Architecture-Project\SDA_Project\src\main\java\com\mycompany\sda_project\model\CanonicalAlert.java
C:\Users\Admin\Software-Design-Architecture-Project\SDA_Project\src\main\java\com\mycompany\sda_project\model\IncidentModel.java
C:\Users\Admin\Software-Design-Architecture-Project\SDA_Project\src\main\java\com\mycompany\sda_project\patterns\AggressiveContainmentStrategy.java
C:\Users\Admin\Software-Design-Architecture-Project\SDA_Project\src\main\java\com\mycompany\sda_project\patterns\AlertNormalizer.java
C:\Users\Admin\Software-Design-Architecture-Project\SDA_Project\src\main\java\com\mycompany\sda_project\patterns\AlertNormalizerFactory.java
C:\Users\Admin\Software-Design-Architecture-Project\SDA_Project\src\main\java\com\mycompany\sda_project\patterns\AssetProvider.java
C:\Users\Admin\Software-Design-Architecture-Project\SDA_Project\src\main\java\com\mycompany\sda_project\patterns\AuditLogDecorator.java
C:\Users\Admin\Software-Design-Architecture-Project\SDA_Project\src\main\java\com\mycompany\sda_project\patterns\AuditLogger.java
C:\Users\Admin\Software-Design-Architecture-Project\SDA_Project\src\main\java\com\mycompany\sda_project\patterns\BalancedStrategy.java
C:\Users\Admin\Software-Design-Architecture-Project\SDA_Project\src\main\java\com\mycompany\sda_project\patterns\BlockIPAction.java
C:\Users\Admin\Software-Design-Architecture-Project\SDA_Project\src\main\java\com\mycompany\sda_project\patterns\ClosedState.java
C:\Users\Admin\Software-Design-Architecture-Project\SDA_Project\src\main\java\com\mycompany\sda_project\patterns\ConservativeStrategy.java
C:\Users\Admin\Software-Design-Architecture-Project\SDA_Project\src\main\java\com\mycompany\sda_project\patterns\ContainmentState.java
C:\Users\Admin\Software-Design-Architecture-Project\SDA_Project\src\main\java\com\mycompany\sda_project\patterns\CustomFeedAdapter.java
C:\Users\Admin\Software-Design-Architecture-Project\SDA_Project\src\main\java\com\mycompany\sda_project\patterns\CustomThreatFeedAPI.java
C:\Users\Admin\Software-Design-Architecture-Project\SDA_Project\src\main\java\com\mycompany\sda_project\patterns\DashboardUpdater.java
C:\Users\Admin\Software-Design-Architecture-Project\SDA_Project\src\main\java\com\mycompany\sda_project\patterns\DeduplicationHandler.java
C:\Users\Admin\Software-Design-Architecture-Project\SDA_Project\src\main\java\com\mycompany\sda_project\patterns\DisableUserAction.java
C:\Users\Admin\Software-Design-Architecture-Project\SDA_Project\src\main\java\com\mycompany\sda_project\patterns\EmailNotifier.java
C:\Users\Admin\Software-Design-Architecture-Project\SDA_Project\src\main\java\com\mycompany\sda_project\patterns\EnrichmentHandler.java
C:\Users\Admin\Software-Design-Architecture-Project\SDA_Project\src\main\java\com\mycompany\sda_project\patterns\EnrichmentProviderFactory.java
C:\Users\Admin\Software-Design-Architecture-Project\SDA_Project\src\main\java\com\mycompany\sda_project\patterns\EradicationState.java
C:\Users\Admin\Software-Design-Architecture-Project\SDA_Project\src\main\java\com\mycompany\sda_project\patterns\EscalateAction.java
C:\Users\Admin\Software-Design-Architecture-Project\SDA_Project\src\main\java\com\mycompany\sda_project\patterns\FirewallNormalizer.java
C:\Users\Admin\Software-Design-Architecture-Project\SDA_Project\src\main\java\com\mycompany\sda_project\patterns\GeoProvider.java
C:\Users\Admin\Software-Design-Architecture-Project\SDA_Project\src\main\java\com\mycompany\sda_project\patterns\IncidentResponseFacade.java
C:\Users\Admin\Software-Design-Architecture-Project\SDA_Project\src\main\java\com\mycompany\sda_project\patterns\IncidentState.java
C:\Users\Admin\Software-Design-Architecture-Project\SDA_Project\src\main\java\com\mycompany\sda_project\patterns\IngestionConfigManager.java
C:\Users\Admin\Software-Design-Architecture-Project\SDA_Project\src\main\java\com\mycompany\sda_project\patterns\IsolateEndpointAction.java
C:\Users\Admin\Software-Design-Architecture-Project\SDA_Project\src\main\java\com\mycompany\sda_project\patterns\LogHandler.java
C:\Users\Admin\Software-Design-Architecture-Project\SDA_Project\src\main\java\com\mycompany\sda_project\patterns\MISPAdapter.java
C:\Users\Admin\Software-Design-Architecture-Project\SDA_Project\src\main\java\com\mycompany\sda_project\patterns\MISPAPI.java
C:\Users\Admin\Software-Design-Architecture-Project\SDA_Project\src\main\java\com\mycompany\sda_project\patterns\NewState.java
C:\Users\Admin\Software-Design-Architecture-Project\SDA_Project\src\main\java\com\mycompany\sda_project\patterns\NotificationFactory.java
C:\Users\Admin\Software-Design-Architecture-Project\SDA_Project\src\main\java\com\mycompany\sda_project\patterns\PagerDutyNotifier.java
C:\Users\Admin\Software-Design-Architecture-Project\SDA_Project\src\main\java\com\mycompany\sda_project\patterns\PostIncidentReviewState.java
C:\Users\Admin\Software-Design-Architecture-Project\SDA_Project\src\main\java\com\mycompany\sda_project\patterns\QuarantineFileAction.java
C:\Users\Admin\Software-Design-Architecture-Project\SDA_Project\src\main\java\com\mycompany\sda_project\patterns\RecoveryState.java
C:\Users\Admin\Software-Design-Architecture-Project\SDA_Project\src\main\java\com\mycompany\sda_project\patterns\ResponseAction.java
C:\Users\Admin\Software-Design-Architecture-Project\SDA_Project\src\main\java\com\mycompany\sda_project\patterns\ResponseActionDecorator.java
C:\Users\Admin\Software-Design-Architecture-Project\SDA_Project\src\main\java\com\mycompany\sda_project\patterns\ResponseActionFactory.java
C:\Users\Admin\Software-Design-Architecture-Project\SDA_Project\src\main\java\com\mycompany\sda_project\patterns\ResponseStrategy.java
C:\Users\Admin\Software-Design-Architecture-Project\SDA_Project\src\main\java\com\mycompany\sda_project\patterns\RoutingHandler.java
C:\Users\Admin\Software-Design-Architecture-Project\SDA_Project\src\main\java\com\mycompany\sda_project\patterns\SecurityEventBus.java
C:\Users\Admin\Software-Design-Architecture-Project\SDA_Project\src\main\java\com\mycompany\sda_project\patterns\SecurityObserver.java
C:\Users\Admin\Software-Design-Architecture-Project\SDA_Project\src\main\java\com\mycompany\sda_project\patterns\SeverityFilterHandler.java
C:\Users\Admin\Software-Design-Architecture-Project\SDA_Project\src\main\java\com\mycompany\sda_project\patterns\SlackNotifier.java
C:\Users\Admin\Software-Design-Architecture-Project\SDA_Project\src\main\java\com\mycompany\sda_project\patterns\SplunkNormalizer.java
C:\Users\Admin\Software-Design-Architecture-Project\SDA_Project\src\main\java\com\mycompany\sda_project\patterns\StandardAssetProvider.java
C:\Users\Admin\Software-Design-Architecture-Project\SDA_Project\src\main\java\com\mycompany\sda_project\patterns\StandardEmailNotifier.java
C:\Users\Admin\Software-Design-Architecture-Project\SDA_Project\src\main\java\com\mycompany\sda_project\patterns\StandardEnrichmentFactory.java
C:\Users\Admin\Software-Design-Architecture-Project\SDA_Project\src\main\java\com\mycompany\sda_project\patterns\StandardGeoProvider.java
C:\Users\Admin\Software-Design-Architecture-Project\SDA_Project\src\main\java\com\mycompany\sda_project\patterns\StandardNotificationFactory.java
C:\Users\Admin\Software-Design-Architecture-Project\SDA_Project\src\main\java\com\mycompany\sda_project\patterns\StandardSlackNotifier.java
C:\Users\Admin\Software-Design-Architecture-Project\SDA_Project\src\main\java\com\mycompany\sda_project\patterns\ThreatIntelProvider.java
C:\Users\Admin\Software-Design-Architecture-Project\SDA_Project\src\main\java\com\mycompany\sda_project\patterns\ThreatIntelProxy.java
C:\Users\Admin\Software-Design-Architecture-Project\SDA_Project\src\main\java\com\mycompany\sda_project\patterns\TriageState.java
C:\Users\Admin\Software-Design-Architecture-Project\SDA_Project\src\main\java\com\mycompany\sda_project\patterns\VirusTotalAdapter.java
C:\Users\Admin\Software-Design-Architecture-Project\SDA_Project\src\main\java\com\mycompany\sda_project\patterns\VirusTotalAPI.java
C:\Users\Admin\Software-Design-Architecture-Project\SDA_Project\src\main\java\com\mycompany\sda_project\patterns\WatchAndWaitStrategy.java
C:\Users\Admin\Software-Design-Architecture-Project\SDA_Project\src\main\java\com\mycompany\sda_project\SDA_Architecture_TestSuite.java
C:\Users\Admin\Software-Design-Architecture-Project\SDA_Project\src\main\java\com\mycompany\sda_project\SDA_Project.java
C:\Users\Admin\Software-Design-Architecture-Project\SDA_Project\src\main\java\com\mycompany\sda_project\service\IncidentContext.java
C:\Users\Admin\Software-Design-Architecture-Project\SDA_Project\src\main\java\com\mycompany\sda_project\view\IncidentDashboardView.java
